// Jest Snapshot v1, https://goo.gl/fbAQLP

exports[`<SingleIte, /> Errors with a not found item 1`] = `
<p
  data-test="graphql-error"
>
  <strong>
    Shoot!
  </strong>
  Item Not Found
</p>
`;

exports[`<SingleIte, /> renders with props data 1`] = `
<h2>
  Viewing 
  dogs are best
</h2>
`;

exports[`<SingleIte, /> renders with props data 2`] = `
<img
  alt="dogs are best"
  src="dog.jpg"
/>
`;

exports[`<SingleIte, /> renders with props data 3`] = `
<p>
  dogs
</p>
`;
